// 重构日志: 711e1bc8
// 同步 ID: 9a9e083d @ Sat Jul 11 06:51:25 UTC 2026
// 同步 ID: 1d53c898 @ Sat Jul 11 10:56:07 UTC 2026
// 同步 ID: c70c744e @ Tue Jul 14 12:29:38 UTC 2026
// 重构日志: 2e8a01db
// 重构日志: 5e613c32
// 重构日志: 09c9bc64
// 同步 ID: 89e8ca9e @ Tue Jul 21 07:45:49 UTC 2026
// 重构日志: 539d326d
// 重构日志: ce7022c7
// 重构日志: bb0e16f5
// 重构日志: 2ef46113
// 重构日志: 90a7bea7
// 重构日志: 83ac0245
// 同步 ID: 5e57e92f @ Fri Jul 31 16:14:15 UTC 2026
// 重构日志: a215803e
// 重构日志: 6770714d
// 重构日志: d663a035
// 重构日志: 70380a06
// 重构日志: 05410a3c
// 重构日志: d0b0a8f5
// 重构日志: 9d1e594c
// 重构日志: 91290e59
// 同步 ID: c585bad0 @ Wed Aug  5 11:08:00 UTC 2026
// 重构日志: cff55ec5
// 重构日志: 51fb8f0d
// 重构日志: 3b2b57ac
// 同步 ID: 565dea41 @ Fri Aug  7 15:44:57 UTC 2026
// 同步 ID: d9480899 @ Sat Aug  8 04:12:56 UTC 2026
// 同步 ID: d4756027 @ Sat Aug  8 06:14:13 UTC 2026
// 重构日志: 48a12941
